// Bun Snapshot v1, https://goo.gl/fbAQLP

exports[`Client create ethereum 1`] = `"0x095ea7b3000000000000000000000000f9eae3ec6bfe94f510eb3a5de8ac9deb9e74df390000000000000000000000000000000000000000000000000de0b6b3a7640000"`;
