// Vitest Snapshot v1, https://vitest.dev/guide/snapshot.html

exports[`Solution > Validate solution 1 1`] = `true`;

exports[`Solution > Validate solution 1 2`] = `"0x0401084c6d6f6f6e6265616d5f7374656c6c6173776170204d6f6f6e6265616d204d6f6f6e6265616da8307846664646664666663146636143426432313845446330456241323046633233303843373738303830a8307846464666466646663633643234654363386542386137623544303830336539303046376236634544606d6f6f6e6265616d5f6272696467655f746f5f7068616c61204d6f6f6e6265616d145068616c61a830784646466646664666363364323465436338654238613762354430383033653930304637623663454418307830303030"`;

exports[`Solution > Validate solution 2 1`] = `true`;

exports[`Solution > Validate solution 2 2`] = `"0x10010c58657468657265756d5f6e61746976657772617070657220457468657265756d20457468657265756da8307830303030303030303030303030303030303030303030303030303030303030303030303030303030a830784330326161413339623232334645384430413065354334463237654144393038334337353643633248657468657265756d5f756e6973776170763220457468657265756d20457468657265756da8307843303261614133396232323346453844304130653543344632376541443930383343373536436332a830783663356241393136343246313032383262353736643931393232416536343438433964353266344574657468657265756d5f7379676d616272696467655f746f5f7068616c6120457468657265756d145068616c61a83078366335624139313634324631303238326235373664393139323241653634343843396435326634451830783030303000547068616c615f6272696467655f746f5f6173746172145068616c611441737461721830783030303030307830313031303063643166006061737461725f6272696467655f746f5f617374617265766d14417374617220417374617245766d30307830313031303063643166a830784646464646464646303030303030303030303030303030313030303030303030303030303030303601084861737461725f65766d5f617274687377617020417374617245766d20417374617245766da8307846464646464646463030303030303030303030303030303130303030303030303030303030303036a83078616561616630653263383161663236343130316239313239633030663434343063636630663732304861737461725f65766d5f617274687377617020417374617245766d20417374617245766da8307861656161663065326338316166323634313031623931323963303066343434306363663066373230a8307846464646464646463030303030303030303030303030303130303030303030303030303030303033"`;

exports[`Solution > Validate solution 3 1`] = `false`;

exports[`Solution > Validate solution 4 1`] = `false`;

exports[`Solution > Validate solution 5 1`] = `false`;
